// Jest Snapshot v1, https://goo.gl/fbAQLP

exports[`Board.vue renders the board 1`] = `
<div
  class="board"
>
  <div
    class="board-grid"
  >
    <div
      class="board-cell "
    >
      <stone-stub
        class="board-stone"
        color="white"
      />
       
      <!---->
    </div>
    <div
      class="board-cell board-cell--alternate"
    >
      <stone-stub
        class="board-stone"
        color="black"
      />
       
      <!---->
    </div>
    <div
      class="board-cell board-cell--alternate"
    >
      <!---->
       
      <move-stub
        class="board-move"
        color="black"
        title="A2"
      />
    </div>
    <div
      class="board-cell "
    >
      <!---->
       
      <!---->
    </div>
  </div>
</div>
`;
