// Jest Snapshot v1, https://goo.gl/fbAQLP

exports[`Board.vue renders the board 1`] = `
<div class="board">
  <div class="board-grid">
    <div class="board-cell ">
      <stone-stub color="white" class="board-stone"></stone-stub>
      <!---->
    </div>
    <div class="board-cell board-cell--alternate">
      <stone-stub color="black" class="board-stone"></stone-stub>
      <!---->
    </div>
    <div class="board-cell board-cell--alternate">
      <!---->
      <move-stub color="black" onclick="function () { return _vm.onMove(row, col); }" class="board-move"></move-stub>
    </div>
    <div class="board-cell ">
      <!---->
      <!---->
    </div>
  </div>
</div>
`;
