// Jest Snapshot v1, https://goo.gl/fbAQLP

exports[`Nav.vue renders its components 1`] = `
<nav
  class="nav"
>
  <ul
    class="nav-list"
  >
    <li
      class="nav-item"
    >
      <router-link-stub
        class="nav-link "
        to="/a"
      >
        Link 1
      </router-link-stub>
       
      <!---->
    </li>
    <li
      class="nav-item"
    >
      <router-link-stub
        class="nav-link "
        to="/b"
      >
        Link 2
      </router-link-stub>
       
      <!---->
    </li>
    <li
      class="nav-item"
    >
      <!---->
       
      <a
        class="nav-link "
        href="#"
      >
        Link 3
      </a>
    </li>
  </ul>
</nav>
`;
