// Jest Snapshot v1, https://goo.gl/fbAQLP

exports[`About.vue renders its components 1`] = `
<main>
  <div
    class="about"
  >
    <h1
      class="about-title"
    >
      Reversi
    </h1>
     
    <p
      class="about-paragraph"
    >
      
      Created by
      
      <a
        class="about-link"
        href="https://github.com/amercier"
        rel="nofollow noopener noreferrer"
        target="_blank"
      >
        Alex Mercier
      </a>
      
      for
      
      <a
        class="about-link"
        href="https://www.backmarket.fr/"
        rel="nofollow noopener noreferrer"
        target="_blank"
      >
        Back Market
      </a>
      .
    
    </p>
     
    <h2
      class="about-subtitle"
    >
      Development
    </h2>
     
    <p
      class="about-paragraph"
    >
      
      This game was developed with
      
      <a
        class="about-link"
        href="https://vuejs.org/"
        rel="nofollow noopener noreferrer"
        target="_blank"
      >
        Vue.js 2
      </a>
      , using
      
      <a
        class="about-link"
        href="https://cli.vuejs.org/"
        rel="nofollow noopener noreferrer"
        target="_blank"
      >
        Vue CLI 3
      </a>
      
      and
      
      <a
        class="about-link"
        href="https://vuex.vuejs.org/"
        rel="nofollow noopener noreferrer"
        target="_blank"
      >
        Vuex
      </a>
      .
    
    </p>
     
    <p
      class="about-paragraph"
    >
      
      Source code is available on
      
      <a
        class="about-link"
        href="https://github.com/amercier/reversi-vue"
        rel="nofollow noopener noreferrer"
        target="_blank"
      >
        Github
      </a>
      .
    
    </p>
     
    <h2
      class="about-subtitle"
    >
      Credits
    </h2>
     
    <p
      class="about-paragraph"
    >
      
      Seamless wood textures by
      
      <a
        class="about-link"
        href="https://www.deviantart.com/siberiancrab"
        rel="nofollow noopener noreferrer"
        target="_blank"
      >
        SiberiaCrab
      </a>
      
      and
      
      <a
        class="about-link"
        href="https://fr.pngtree.com/"
        rel="nofollow noopener noreferrer"
        target="_blank"
      >
        PNG Tree
      </a>
      .
    
    </p>
     
    <p
      class="about-paragraph"
    >
      <a
        class="about-link"
        href="https://www.npmjs.com/package/reversi"
        rel="nofollow noopener noreferrer"
        target="_blank"
      >
        reversi
      </a>
      
      by
      
      <a
        class="about-link"
        href="http://kjirou.net/"
        rel="nofollow noopener noreferrer"
        target="_blank"
      >
        Koujirou Ishii
      </a>
      .
    
    </p>
     
    <p>
      Thank you so much for your hard work!
    </p>
  </div>
</main>
`;
